/home/kerhoas/WORKSPACE_WEB2/RESEAU_CAPTEURS_/WORKSPACE_RESCAPT_STM32CUBEIDE/rescapt/CMSIS/core/core_cm3.h:1524:22:NVIC_SetPriority	16	static
/home/kerhoas/WORKSPACE_WEB2/RESEAU_CAPTEURS_/WORKSPACE_RESCAPT_STM32CUBEIDE/rescapt/CMSIS/core/core_cm3.h:1616:22:NVIC_SystemReset	4	static,ignoring_inline_asm
/home/kerhoas/WORKSPACE_WEB2/RESEAU_CAPTEURS_/WORKSPACE_RESCAPT_STM32CUBEIDE/rescapt/CMSIS/core/core_cm3.h:1656:26:SysTick_Config	16	static
../src/main.c:42:5:main	16	static
../src/main.c:142:6:can_callback	32	static
../src/main.c:164:6:HAL_TIM_PeriodElapsedCallback	16	static
../src/main.c:171:6:VL6180x_Init	16	static
../src/main.c:200:6:VL6180x_Step	8	static
